esp8266_socket.c:87:13:port2str	24	static
esp8266_socket.c:100:6:smi_init	16	static
esp8266_socket.c:112:5:esp_socket	16	static
esp8266_socket.c:131:5:esp_connect	32	static
esp8266_socket.c:153:5:esp_read	32	static
esp8266_socket.c:169:5:esp_write	24	static
esp8266_socket.c:181:5:esp_close	16	static
esp8266_socket.c:186:5:esp_shutdown	24	static
esp8266_socket.c:222:6:init_counters	16	static
esp8266_socket.c:230:6:sm_flush	16	static
esp8266_socket.c:239:6:sm_read_buffer	16	static
esp8266_socket.c:251:6:sm_read_int	24	static
esp8266_socket.c:270:5:sm_read_until	24	static
esp8266_socket.c:287:5:sm_read_result	16	static
esp8266_socket.c:294:6:sm_wait_for	24	static
esp8266_socket.c:313:13:stInit	16	static
esp8266_socket.c:349:13:stAT	16	static
esp8266_socket.c:370:13:stEchoOff	16	static
esp8266_socket.c:405:13:stStationModeCheck	24	static
esp8266_socket.c:437:13:stStationModeSet	16	static
esp8266_socket.c:459:13:connect_ssid	16	static
esp8266_socket.c:468:13:stConnectAP	24	static
esp8266_socket.c:503:13:stReady	16	static
esp8266_socket.c:527:13:connect_tcp	16	static
esp8266_socket.c:536:13:stConnectTCP	24	static
esp8266_socket.c:571:13:stPassthrough	24	static
esp8266_socket.c:599:13:stPassthroughOK	16	static
esp8266_socket.c:623:13:stConnected	16	static
esp8266_socket.c:646:13:stCommandMode	16	static
esp8266_socket.c:668:13:stCloseTCP	24	static
esp8266_socket.c:702:13:dispatch_event	16	static
esp8266_socket.c:717:13:EspSocketRun	32	static
