core_cm3.h:1335:22:void NVIC_DisableIRQ(IRQn_Type)	16	static
core_cm3.h:1405:22:void NVIC_SetPriority(IRQn_Type, uint32_t)	16	static
core_cm3.h:1532:26:uint32_t SysTick_Config(uint32_t)	16	static
clock_15xx.h:500:20:void Chip_Clock_SetSysTickClockDiv(uint32_t)	16	static
iocon_15xx.h:95:20:void Chip_IOCON_PinMuxSet(LPC_IOCON_T*, uint8_t, uint8_t, uint32_t)	24	static
swm_15xx.h:232:20:void Chip_SWM_MovablePortPinAssign(CHIP_SWM_PIN_MOVABLE_T, uint8_t, uint8_t)	16	static
i2c_common_15xx.h:238:20:void Chip_I2C_SetClockDiv(LPC_I2C_T*, uint32_t)	16	static
i2cm_15xx.h:126:20:void Chip_I2CM_Enable(LPC_I2C_T*)	16	static
DigitalIoPin.h:20:10:DigitalIoPin::~DigitalIoPin()	16	static
DigitalIoPin.h:20:10:virtual DigitalIoPin::~DigitalIoPin()	16	static
gthr-default.h:229:1:int __gthread_key_delete(__gthread_key_t)	16	static
socket_mqtt.cpp:78:6:void SysTick_Handler()	4	static
socket_mqtt.cpp:84:10:uint32_t get_ticks()	4	static
socket_mqtt.cpp:93:6:void Sleep(int)	16	static
socket_mqtt.cpp:102:10:uint32_t millis()	4	static
socket_mqtt.cpp:132:8:MQTTDATA::MQTTDATA()	16	static
socket_mqtt.cpp:143:5:int main()	8	static
socket_mqtt.cpp:192:8:char* jsonDecode(char*)	24	static
socket_mqtt.cpp:204:6:void messageArrived(MessageData*)	88	static
socket_mqtt.cpp:258:6:void mqttTest()	3784	static
socket_mqtt.cpp:453:6:void printRegister(ModbusMaster&, uint16_t)	32	static
socket_mqtt.cpp:469:6:bool setFrequency(ModbusMaster&, uint16_t)	32	static
socket_mqtt.cpp:500:6:void modBusInit(ModbusMaster&)	16	static
socket_mqtt.cpp:526:6:void setFanSpeed(ModbusMaster&)	40	static
socket_mqtt.cpp:556:6:void displayLcd(LiquidCrystal&, char*)	40	static
socket_mqtt.cpp:570:6:void Init_I2C_PinMux()	8	static
socket_mqtt.cpp:584:6:void setupI2CMaster()	8	static
socket_mqtt.cpp:596:6:void SetupXferRecAndExecute(uint8_t, uint8_t*, uint16_t, uint8_t*, uint16_t)	24	static
socket_mqtt.cpp:613:5:int ReadSensorStatus()	104	static
socket_mqtt.cpp:640:6:void SetSensorStatus(uint8_t)	32	static
socket_mqtt.cpp:650:9:int16_t ReadPresserI2CM()	32	static
socket_mqtt.cpp:678:1:void __static_initialization_and_destruction_0(int, int)	16	static
socket_mqtt.cpp:678:1:cpp)	8	static
